{ ('{')
Binary ('Binary')
} ('}')
VALUE_TOKEN ('binary')
