{ ('{')
Boolean ('Boolean')
} ('}')
VALUE_TOKEN ('false')
