{ ('{')
Date ('Date')
} ('}')
VALUE_TOKEN ('date')
