{ ('{')
Decimal ('Decimal')
} ('}')
VALUE_TOKEN ('decimal')
