{ ('{')
Double ('Double')
} ('}')
VALUE_TOKEN ('double')
