{ ('{')
Long ('Long')
} ('}')
VALUE_TOKEN ('long')
