{ ('{')
Name ('Name')
} ('}')
VALUE_TOKEN ('name')
