{ ('{')
Path ('Path')
} ('}')
VALUE_TOKEN ('path')
