{ ('{')
Reference ('Reference')
} ('}')
VALUE_TOKEN ('reference')
