{ ('{')
String ('String')
} ('}')
VALUE_TOKEN ('string')
