{ ('{')
WeakReference ('WeakReference')
} ('}')
VALUE_TOKEN ('weak reference')
