[ ('[')
ARRAY_VALUE_TOKEN ('/some/path/([a-z]+_[A-Z]+)=/some/path')
] (']')
