[ ('[')
VALID_XML_ENTITY_REF_ESCAPE_TOKEN ('&quot;')
ARRAY_VALUE_TOKEN ('Test ')
VALID_XML_ENTITY_REF_ESCAPE_TOKEN ('&amp;')
ARRAY_VALUE_TOKEN (' Test')
VALID_XML_ENTITY_REF_ESCAPE_TOKEN ('&quot;')
, (',')
VALID_XML_ENTITY_REF_ESCAPE_TOKEN ('&apos;')
ARRAY_VALUE_TOKEN ('Test2 ')
VALID_XML_ENTITY_REF_ESCAPE_TOKEN ('&amp;')
ARRAY_VALUE_TOKEN (' Test2')
VALID_XML_ENTITY_REF_ESCAPE_TOKEN ('&apos;')
] (']')
