[ ('[')
ARRAY_VALUE_TOKEN ('[^.]')
, (',')
ARRAY_VALUE_TOKEN ('cq:authorExternalId')
, (',')
ARRAY_VALUE_TOKEN ('publishCampaignId')
, (',')
ARRAY_VALUE_TOKEN ('cq:publishExternalId')
, (',')
ARRAY_VALUE_TOKEN ('cq:xfMasterVariation')
, (',')
ARRAY_VALUE_TOKEN ('postId')
, (',')
ARRAY_VALUE_TOKEN ('cq:xfSocialActionDate')
, (',')
ARRAY_VALUE_TOKEN ('cq:xfSocialActionStatus')
, (',')
ARRAY_VALUE_TOKEN ('cq:targetOfferId')
] (']')
