[ ('[')
ARRAY_VALUE_TOKEN ('{"key1": "value"')
VALID_STRING_ESCAPE_TOKEN ('\,')
ARRAY_VALUE_TOKEN (' "key2":"value"}')
, (',')
ARRAY_VALUE_TOKEN ('{"key3": "value"')
VALID_STRING_ESCAPE_TOKEN ('\,')
ARRAY_VALUE_TOKEN (' "key4":"value"}')
] (']')
