[ ('[')
ARRAY_VALUE_TOKEN ('function check() {')
VALID_XML_CHAR_REF_ESCAPE_TOKEN ('&#xd;')
VALID_XML_CHAR_REF_ESCAPE_TOKEN ('&#xa;')
ARRAY_VALUE_TOKEN (' return ')
VALID_XML_CHAR_REF_ESCAPE_TOKEN ('&#34;')
VALID_XML_CHAR_REF_ESCAPE_TOKEN ('&#34;')
ARRAY_VALUE_TOKEN (';')
VALID_XML_CHAR_REF_ESCAPE_TOKEN ('&#xd;')
VALID_XML_CHAR_REF_ESCAPE_TOKEN ('&#xa;')
ARRAY_VALUE_TOKEN ('}')
, (',')
ARRAY_VALUE_TOKEN ('function check2() {')
VALID_XML_CHAR_REF_ESCAPE_TOKEN ('&#xd;')
VALID_XML_CHAR_REF_ESCAPE_TOKEN ('&#xa;')
ARRAY_VALUE_TOKEN (' return ')
VALID_XML_CHAR_REF_ESCAPE_TOKEN ('&#34;')
VALID_XML_CHAR_REF_ESCAPE_TOKEN ('&#34;')
ARRAY_VALUE_TOKEN (';')
VALID_XML_CHAR_REF_ESCAPE_TOKEN ('&#xd;')
VALID_XML_CHAR_REF_ESCAPE_TOKEN ('&#xa;')
ARRAY_VALUE_TOKEN ('}')
] (']')
