[ ('[')
ARRAY_VALUE_TOKEN ('val1')
, (',')
ARRAY_VALUE_TOKEN (' val-2')
, (',')
ARRAY_VALUE_TOKEN (' 3')
, (',')
ARRAY_VALUE_TOKEN (' jcr:property')
, (',')
ARRAY_VALUE_TOKEN (' with.dot')
, (',')
ARRAY_VALUE_TOKEN (' with space')
, (',')
ARRAY_VALUE_TOKEN (' with several spaces')
] (']')
