[ ('[')
ARRAY_VALUE_TOKEN ('a:href\,data-href')
, (',')
ARRAY_VALUE_TOKEN ('data:data-href')
] (']')
