[ ('[')
ARRAY_VALUE_TOKEN ('it')
VALID_STRING_ESCAPE_TOKEN ('\'')
ARRAY_VALUE_TOKEN ('s great')
, (',')
ARRAY_VALUE_TOKEN (' it is escaped quote - ')
VALID_STRING_ESCAPE_TOKEN ('\"')
, (',')
ARRAY_VALUE_TOKEN (' Unicode escape ')
VALID_STRING_ESCAPE_TOKEN ('\u3332')
, (',')
ARRAY_VALUE_TOKEN (' Unicode escape ')
VALID_STRING_ESCAPE_TOKEN ('\u3332')
] (']')
