VALID_STRING_ESCAPE_TOKEN ('\[')
VALUE_TOKEN ('key=value]')
