VALID_STRING_ESCAPE_TOKEN ('\{')
VALUE_TOKEN ('0,date,yyyy-MM-dd HH:mm:ss.SSS} {4} [{3}] {5}')
