VALUE_TOKEN ('function check() {')
VALID_XML_CHAR_REF_ESCAPE_TOKEN ('&#xd;')
VALID_XML_CHAR_REF_ESCAPE_TOKEN ('&#xa;')
VALUE_TOKEN (' return ')
VALID_XML_CHAR_REF_ESCAPE_TOKEN ('&#34;')
VALID_XML_CHAR_REF_ESCAPE_TOKEN ('&#34;')
VALUE_TOKEN (';')
VALID_XML_CHAR_REF_ESCAPE_TOKEN ('&#xd;')
VALID_XML_CHAR_REF_ESCAPE_TOKEN ('&#xa;')
VALUE_TOKEN ('}')
