VALID_XML_ENTITY_REF_ESCAPE_TOKEN ('&quot;')
VALUE_TOKEN ('Test ')
VALID_XML_ENTITY_REF_ESCAPE_TOKEN ('&amp;')
VALUE_TOKEN (' Test')
VALID_XML_ENTITY_REF_ESCAPE_TOKEN ('&quot;')
VALUE_TOKEN (' ')
VALID_XML_ENTITY_REF_ESCAPE_TOKEN ('&lt;')
VALID_XML_ENTITY_REF_ESCAPE_TOKEN ('&gt;')
VALUE_TOKEN (' ')
VALID_XML_ENTITY_REF_ESCAPE_TOKEN ('&apos;')
VALUE_TOKEN ('Test ')
VALID_XML_ENTITY_REF_ESCAPE_TOKEN ('&amp;')
VALUE_TOKEN (' Test')
VALID_XML_ENTITY_REF_ESCAPE_TOKEN ('&apos;')
