[Cd] .. ('..')
[Cd] SEPARATOR ('/')
[Cd] .. ('..')
[Cd] SEPARATOR ('/')
[Cd] WORD ('file.js')