[Cd] . ('.')
[Cd] SEPARATOR ('/')
[Cd] WORD ('file.js')